{
  "bitcoin_core_executed": false,
  "constants": {
    "bitcoin_core_default_minimum_relay_fee_sat_per_kvb": 100,
    "max_script_element_size": 520,
    "max_standard_tapscript_stack_item_size": 80,
    "max_standard_tx_weight": 400000,
    "max_tapscript_initial_stack_items": 1000,
    "ranklock_minimum_relay_fee_sat_per_kvb": 1000
  },
  "passed": true,
  "schema": "ranklock-v025-bitcoin-policy-envelope-v2",
  "scope": "static serialized-witness, independent opcode-model, and resource-envelope audit only",
  "source_pins": {
    "bip342_git_blob": "d073b701ce785ab497d5d409640a16727af3a25b",
    "bitcoin_core_git_blobs": {
      "CMakeLists.txt": "6109639f00390e2bbd050d8cfed69320bf1ec159",
      "src/policy/policy.cpp": "46ec238c3b18fd1c0a5ce35f25d1b619317dafda",
      "src/policy/policy.h": "0bc7b32770833211913b82204f1b8fc4bdb4dfd0"
    },
    "bitcoin_core_release": "31.1",
    "bitcoin_core_tag": "v31.1"
  },
  "transactions": [
    {
      "checks": {
        "authorizer_signature_is_sighash_default_length": true,
        "cleanstack_shape": true,
        "control_matches_signed_policy": true,
        "independent_tapscript_stack_model_accepts": true,
        "initial_stack_within_consensus_limit": true,
        "output_value_matches_precommitted_value_plan": true,
        "script_is_exact_hash_check_program": true,
        "script_matches_signed_policy": true,
        "selector_count_matches_policy": true,
        "selector_items_within_consensus_element_limit": true,
        "selector_items_within_standard_policy": true,
        "transaction_fee_is_positive": true,
        "transaction_fee_meets_core_31_1_default_floor": true,
        "transaction_fee_meets_ranklock_floor": true,
        "transaction_weight_within_standard_policy": true,
        "unsigned_witness_is_rejected": true
      },
      "control_block_bytes": 33,
      "core_default_minimum_fee_sat": 1178,
      "fee_rate_sat_per_vbyte": 2.547121752419766,
      "fee_sat": 30000,
      "input_value_sat": 160000,
      "maximum_selector_item_bytes": 16,
      "passed": true,
      "ranklock_minimum_fee_sat": 11778,
      "raw_bytes": 46828,
      "selector_items": 512,
      "slot_id": 0,
      "stripped_bytes": 94,
      "tapscript_bytes": 37923,
      "tapscript_sha256": "d4a61f76e6661819b8bfc1d799ee77f376de8215adfd4f7fc20f9a33cad06cc2",
      "total_output_value_sat": 130000,
      "txid": "6f1cbc6d7830252eab18155105db772bfa830315417533c0490ea62abd661f4f",
      "virtual_bytes_ceiling": 11778,
      "weight": 47110,
      "wtxid": "8161503cdd663af0d268d730d464061f062b7f29e70d1acc618f67dfa1c95ba0"
    },
    {
      "checks": {
        "authorizer_signature_is_sighash_default_length": true,
        "cleanstack_shape": true,
        "control_matches_signed_policy": true,
        "independent_tapscript_stack_model_accepts": true,
        "initial_stack_within_consensus_limit": true,
        "output_value_matches_precommitted_value_plan": true,
        "script_is_exact_hash_check_program": true,
        "script_matches_signed_policy": true,
        "selector_count_matches_policy": true,
        "selector_items_within_consensus_element_limit": true,
        "selector_items_within_standard_policy": true,
        "transaction_fee_is_positive": true,
        "transaction_fee_meets_core_31_1_default_floor": true,
        "transaction_fee_meets_ranklock_floor": true,
        "transaction_weight_within_standard_policy": true,
        "unsigned_witness_is_rejected": true
      },
      "control_block_bytes": 33,
      "core_default_minimum_fee_sat": 1178,
      "fee_rate_sat_per_vbyte": 2.547121752419766,
      "fee_sat": 30000,
      "input_value_sat": 130000,
      "maximum_selector_item_bytes": 16,
      "passed": true,
      "ranklock_minimum_fee_sat": 11778,
      "raw_bytes": 46828,
      "selector_items": 512,
      "slot_id": 1,
      "stripped_bytes": 94,
      "tapscript_bytes": 37923,
      "tapscript_sha256": "7f382891fd56d559c52f1e13661048127ce6a3784f04f005fdfd28abc273d20d",
      "total_output_value_sat": 100000,
      "txid": "96f733713479584c9a6e3c71f1d0b4ef79d427f00d9eb2dd081a4975f468fe79",
      "virtual_bytes_ceiling": 11778,
      "weight": 47110,
      "wtxid": "db5fe1f5d371901dace817adba9a77880017c565619ca339ffc45dae54fcf67d"
    }
  ]
}
