{
  "all_checks_passed": true,
  "authorization_plan_digest": "f341646744b7ee2dbcebd4ed3be866da491e2860edaf15f2fa7d783e75169c0d",
  "bitcoin_core_executed": true,
  "bitcoin_core_passed": true,
  "checks": {
    "Bitcoin Core evidence is internally fail-closed": true,
    "Strata handoff manifest": true,
    "authorization plan digest": true,
    "authorization transaction chain": true,
    "committee manifest size": true,
    "committee retained below one MiB": true,
    "committee retained hash": true,
    "committee retained size": true,
    "slot 0 activation signatures": true,
    "slot 0 activation txid": true,
    "slot 0 policy envelope": true,
    "slot 0 policy txid": true,
    "slot 0 policy wtxid": true,
    "slot 0 txid": true,
    "slot 0 witness digest": true,
    "slot 0 witness-policy signatures": true,
    "slot 0 wtxid": true,
    "slot 1 activation signatures": true,
    "slot 1 activation txid": true,
    "slot 1 policy envelope": true,
    "slot 1 policy txid": true,
    "slot 1 policy wtxid": true,
    "slot 1 txid": true,
    "slot 1 witness digest": true,
    "slot 1 witness-policy signatures": true,
    "slot 1 wtxid": true,
    "split participant 0 hash": true,
    "split participant 0 size": true,
    "split participant 1 hash": true,
    "split participant 1 size": true,
    "split-scalar contribution bundle signatures": true,
    "split-scalar gate fail closed": true,
    "static Bitcoin policy report": true
  },
  "committee_retained_object": {
    "bytes": 1044952,
    "sha256": "63669b2ea2922a746cd56d8efd55a9e71070eb6d78bfcbf079dbbaf4f61a98ba"
  },
  "safe_for_funds": false,
  "schema": "ranklock-v025-evidence-verification-v1",
  "split_scalar_bundle_digest": "4d9b0ef6d98548731be63a1f7d65501439eef966bbdba453228f8480db54220d"
}
