   Compiling unicode-ident v1.0.18
   Compiling proc-macro2 v1.0.106
   Compiling quote v1.0.45
   Compiling libc v0.2.184
   Compiling serde_core v1.0.228
   Compiling serde v1.0.228
    Checking cfg-if v1.0.4
   Compiling version_check v0.9.5
   Compiling zerocopy v0.8.26
   Compiling portable-atomic v1.11.1
    Checking critical-section v1.2.0
   Compiling thiserror v2.0.18
   Compiling shlex v1.3.0
    Checking subtle v2.6.1
   Compiling autocfg v1.5.0
   Compiling find-msvc-tools v0.1.9
   Compiling typenum v1.18.0
    Checking memchr v2.7.6
    Checking pin-project-lite v0.2.16
   Compiling generic-array v0.14.7
    Checking log v0.4.27
    Checking const-oid v0.9.6
   Compiling ruint-macro v1.2.1
   Compiling lock_api v0.4.13
    Checking scopeguard v1.2.0
    Checking itoa v1.0.15
    Checking futures-core v0.3.32
    Checking base16ct v0.2.0
   Compiling equivalent v1.0.2
   Compiling either v1.15.0
   Compiling hashbrown v0.17.1
   Compiling indexmap v2.14.0
   Compiling syn v2.0.117
    Checking futures-sink v0.3.32
   Compiling strsim v0.11.1
   Compiling ident_case v1.0.1
   Compiling winnow v0.7.11
   Compiling parking_lot_core v0.9.11
    Checking slab v0.4.12
    Checking futures-channel v0.3.32
    Checking futures-io v0.3.32
    Checking futures-task v0.3.32
    Checking allocator-api2 v0.2.21
   Compiling paste v1.0.15
   Compiling getrandom v0.3.3
   Compiling serde_derive v1.0.228
   Compiling zeroize_derive v1.4.2
    Checking zeroize v1.8.2
   Compiling thiserror-impl v2.0.18
   Compiling jobserver v0.1.33
   Compiling cc v1.2.57
    Checking ppv-lite86 v0.2.21
    Checking getrandom v0.2.16
    Checking rand_core v0.6.4
    Checking cpufeatures v0.2.17
    Checking rand_chacha v0.3.1
    Checking rand v0.8.5
   Compiling tracing-attributes v0.1.31
    Checking once_cell v1.21.4
    Checking tracing-core v0.1.36
   Compiling alloy-rlp-derive v0.3.12
   Compiling futures-macro v0.3.32
    Checking ff v0.13.1
    Checking group v0.13.0
    Checking tracing v0.1.44
    Checking mio v1.2.0
    Checking futures-util v0.3.32
    Checking socket2 v0.6.3
    Checking signal-hook-registry v1.4.5
   Compiling tokio-macros v2.7.0
   Compiling smallvec v1.15.1
    Checking const-hex v1.18.1
   Compiling ruint v1.20.0
    Checking fnv v1.0.7
   Compiling bitcoin-io v0.1.3
   Compiling prettyplease v0.2.37
   Compiling crunchy v0.2.4
   Compiling secp256k1-sys v0.10.1
   Compiling hex v0.4.3
    Checking block-buffer v0.10.4
    Checking crypto-common v0.1.6
    Checking digest v0.10.7
    Checking sha2 v0.10.9
    Checking hmac v0.12.1
    Checking signature v2.2.0
    Checking der v0.7.10
    Checking bytes v1.11.1
    Checking arrayvec v0.7.6
    Checking serdect v0.2.0
    Checking alloy-rlp v0.3.12
   Compiling darling_core v0.23.0
    Checking spki v0.7.3
    Checking sec1 v0.7.3
    Checking parking_lot v0.12.4
    Checking pkcs8 v0.10.2
    Checking crypto-bigint v0.5.5
    Checking rfc6979 v0.4.0
    Checking tokio v1.52.3
   Compiling toml_datetime v0.6.11
   Compiling serde_spanned v0.6.9
   Compiling toml_edit v0.22.27
    Checking elliptic-curve v0.13.8
   Compiling itertools v0.14.0
    Checking ecdsa v0.16.9
    Checking k256 v0.13.4
   Compiling winnow v1.0.3
   Compiling darling_macro v0.23.0
   Compiling zmij v1.0.17
   Compiling toml_parser v1.1.2+spec-1.1.0
   Compiling darling v0.23.0
   Compiling serde_spanned v1.1.1
   Compiling toml_datetime v1.1.1+spec-1.1.0
   Compiling toml_writer v1.1.1+spec-1.1.0
   Compiling sizzle-parser v0.16.0 (https://github.com/alpenlabs/ssz-gen?tag=v0.16.0#a43cb62e)
   Compiling toml v1.1.2+spec-1.1.0
    Checking hex-conservative v0.2.2
   Compiling hex_lit v0.1.1
   Compiling cfg_aliases v0.2.1
   Compiling bitcoin-internals v0.3.0
    Checking futures-executor v0.3.32
   Compiling bitcoin v0.32.9
   Compiling ssz_primitives v0.16.0 (https://github.com/alpenlabs/ssz-gen?tag=v0.16.0#a43cb62e)
   Compiling ssz v0.16.0 (https://github.com/alpenlabs/ssz-gen?tag=v0.16.0#a43cb62e)
    Checking bech32 v0.11.0
    Checking bitcoin_hashes v0.14.0
    Checking base64 v0.21.7
   Compiling proc-macro-crate v3.3.0
    Checking byteorder v1.5.0
   Compiling serde_json v1.0.149
   Compiling borsh v1.6.1
   Compiling async-trait v0.1.89
   Compiling borsh-derive v1.6.1
    Checking futures v0.3.32
    Checking base64 v0.22.1
    Checking rand_core v0.9.3
   Compiling dunce v1.0.5
   Compiling derive_arbitrary v1.4.1
   Compiling tree_hash v0.16.0 (https://github.com/alpenlabs/ssz-gen?tag=v0.16.0#a43cb62e)
    Checking rand_chacha v0.9.0
    Checking arrayref v0.3.9
    Checking bitflags v2.10.0
    Checking spin v0.9.8
   Compiling ssz_types v0.16.0 (https://github.com/alpenlabs/ssz-gen?tag=v0.16.0#a43cb62e)
   Compiling strata-codec-derive v0.1.0 (https://github.com/alpenlabs/strata-common?tag=v0.3.0-rc.2#c3698c0f)
   Compiling num-traits v0.2.19
    Checking arbitrary v1.4.2
   Compiling heck v0.5.0
    Checking strata-codec v0.1.0 (https://github.com/alpenlabs/strata-common?tag=v0.3.0-rc.2#c3698c0f)
    Checking rand v0.9.2
   Compiling semver v1.0.26
   Compiling synstructure v0.13.2
   Compiling proc-macro2-diagnostics v0.10.1
    Checking secp256k1 v0.29.1
   Compiling ssz_derive v0.16.0 (https://github.com/alpenlabs/ssz-gen?tag=v0.16.0#a43cb62e)
   Compiling tree_hash_derive v0.16.0 (https://github.com/alpenlabs/ssz-gen?tag=v0.16.0#a43cb62e)
    Checking lazy_static v1.5.0
    Checking stable_deref_trait v1.2.0
    Checking rustc-hash v2.1.1
   Compiling ssz_codegen v0.16.0 (https://github.com/alpenlabs/ssz-gen?tag=v0.16.0#a43cb62e)
    Checking percent-encoding v2.3.1
   Compiling zerofrom-derive v0.1.6
   Compiling ring v0.17.14
   Compiling displaydoc v0.2.5
   Compiling yoke-derive v0.8.0
    Checking zerofrom v0.1.6
   Compiling blake3 v1.8.5
   Compiling cmake v0.1.58
   Compiling syn v1.0.109
   Compiling fs_extra v1.3.0
   Compiling aws-lc-sys v0.39.1
    Checking base58ck v0.1.0
    Checking bitcoin-units v0.1.2
    Checking secp v0.3.0
    Checking serdect v0.3.0
   Compiling anyhow v1.0.102
    Checking constant_time_eq v0.4.2
    Checking musig2 v0.1.1 (https://github.com/alpenlabs/musig2?branch=fix%2Fdeserialization-mismatch#5b831993)
    Checking rustls-pki-types v1.12.0
   Compiling zerovec-derive v0.11.1
    Checking untrusted v0.9.0
   Compiling aws-lc-rs v1.16.2
    Checking bincode v1.3.3
    Checking ed25519 v2.2.3
    Checking litemap v0.8.0
   Compiling rustls v0.23.40
    Checking writeable v0.6.1
   Compiling icu_normalizer_data v2.0.0
   Compiling icu_properties_data v2.0.1
   Compiling crossbeam-utils v0.8.21
    Checking rustc-hex v2.1.0
    Checking substrate-bn v0.6.0
    Checking form_urlencoded v1.2.1
    Checking http v1.3.1
    Checking unsigned-varint v0.8.0
    Checking quick-protobuf v0.8.1
    Checking core2 v0.4.0
    Checking multihash v0.19.3
    Checking hkdf v0.12.4
   Compiling rustc_version v0.4.1
    Checking bs58 v0.5.1
    Checking asn1_der v0.7.6
   Compiling curve25519-dalek v4.1.3
    Checking utf8_iter v1.0.4
    Checking socket2 v0.5.10
   Compiling int-enum v1.2.0
    Checking tokio-util v0.7.18
   Compiling pin-project-internal v1.1.10
   Compiling rustversion v1.0.21
   Compiling rustix v1.1.4
    Checking pin-project v1.1.10
    Checking yoke v0.8.0
    Checking errno v0.3.13
    Checking regex-syntax v0.8.5
    Checking fastrand v2.3.0
   Compiling wasm-bindgen-shared v0.2.100
    Checking core-foundation-sys v0.8.7
    Checking tower-service v0.3.3
   Compiling httparse v1.10.1
    Checking ipnet v2.11.0
    Checking strata-identifiers v0.1.0 (https://github.com/alpenlabs/strata-common?tag=v0.3.0-rc.2#c3698c0f)
    Checking zkaleido v0.1.0 (https://github.com/alpenlabs/zkaleido?tag=v0.3.0-rc.1#b1c3a5a3)
    Checking bitcoin-bosd v0.11.0 (https://github.com/alpenlabs/bitcoin-bosd?tag=v0.11.0#2fc97b87)
   Compiling bumpalo v3.19.0
    Checking http-body v1.0.1
    Checking num-integer v0.1.46
    Checking sync_wrapper v1.0.2
   Compiling ahash v0.8.12
    Checking tower-layer v0.3.3
   Compiling wasm-bindgen v0.2.100
    Checking ed25519-dalek v2.2.0
    Checking libp2p-identity v0.2.13
    Checking num-bigint v0.4.6
   Compiling ptr_meta_derive v0.3.0
    Checking ptr_meta v0.3.0
   Compiling strata-crypto v0.3.0-alpha.1 (https://github.com/alpenlabs/strata-common?tag=v0.3.0-rc.2#c3698c0f)
   Compiling strata-predicate v0.1.0 (https://github.com/alpenlabs/strata-common?tag=v0.3.0-rc.2#c3698c0f)
    Checking tempfile v3.27.0
    Checking tower v0.5.2
    Checking zerovec v0.11.2
    Checking zerotrie v0.2.2
   Compiling proc-macro-error-attr v1.0.4
    Checking foldhash v0.2.0
    Checking hashbrown v0.16.1
   Compiling wasm-bindgen-backend v0.2.100
   Compiling wasm-bindgen-macro-support v0.2.100
   Compiling strata-btc-types v0.1.0 (https://github.com/alpenlabs/strata-common?tag=v0.3.0-rc.2#c3698c0f)
    Checking strata-l1-txfmt v0.1.0 (https://github.com/alpenlabs/strata-common?tag=v0.3.0-rc.2#c3698c0f)
    Checking wait-timeout v0.2.1
   Compiling wasm-bindgen-macro v0.2.100
   Compiling bytecheck_derive v0.8.1
   Compiling proc-macro-error v1.0.4
    Checking bit-vec v0.8.0
    Checking simdutf8 v0.1.5
    Checking quick-error v1.2.3
    Checking rusty-fork v0.3.0
    Checking bit-set v0.8.0
    Checking zkaleido-sp1-groth16-verifier v0.1.0 (https://github.com/alpenlabs/zkaleido?tag=v0.3.0-rc.1#b1c3a5a3)
    Checking bitcoin-bosd v0.9.0
    Checking rand_xorshift v0.4.0
   Compiling munge_macro v0.4.5
   Compiling tiny-keccak v2.0.2
    Checking try-lock v0.2.5
    Checking send_wrapper v0.4.0
    Checking unarray v0.1.4
    Checking atomic-waker v1.1.2
   Compiling unicode-xid v0.2.6
    Checking h2 v0.4.15
   Compiling derive_more-impl v2.0.1
    Checking rancor v0.1.0
    Checking bytecheck v0.8.1
    Checking proptest v1.11.0
    Checking want v0.3.1
    Checking munge v0.4.5
    Checking http-body-util v0.1.3
    Checking security-framework-sys v2.17.0
    Checking core-foundation v0.10.1
   Compiling rkyv_derive v0.8.17
    Checking httpdate v1.0.3
   Compiling radium v0.7.0
    Checking tinystr v0.8.1
    Checking potential_utf v0.1.2
    Checking icu_collections v2.0.0
    Checking icu_locale_core v2.0.0
    Checking hyper v1.10.1
    Checking security-framework v3.6.0
    Checking icu_provider v2.0.0
    Checking icu_properties v2.0.1
    Checking icu_normalizer v2.0.0
   Compiling strata-merkle v0.2.0 (https://github.com/alpenlabs/strata-common?tag=v0.3.0-rc.2#c3698c0f)
    Checking hex-conservative v1.2.0
    Checking tap v1.0.1
    Checking stdext v0.3.3
