 M compose.yml
 M crates/bridge-exec/src/errors.rs
 M crates/bridge-exec/src/graph/common.rs
 M crates/bridge-exec/src/graph/mod.rs
 M crates/bridge-sm/src/graph/duties.rs
 M crates/bridge-sm/src/graph/events.rs
 M crates/bridge-sm/src/graph/handlers/retry.rs
 M crates/bridge-sm/src/graph/machine.rs
 M crates/bridge-sm/src/graph/tests/contested/process_bridge_proof.rs
 M crates/bridge-sm/src/graph/tests/contested/process_counterproof.rs
 M crates/bridge-sm/src/graph/tests/contested/process_counterproof_ack.rs
 M crates/bridge-sm/src/graph/tests/contested/process_counterproof_nackd.rs
 M crates/bridge-sm/src/graph/tests/handlers/process_retry_tick.rs
 M crates/bridge-sm/src/graph/tests/mod.rs
 M crates/bridge-sm/src/graph/tests/notify_new_block.rs
 M crates/bridge-sm/src/graph/tests/tx_classifier.rs
 M crates/bridge-sm/src/graph/transitions/common.rs
 M crates/bridge-sm/src/graph/transitions/contested.rs
 M crates/bridge-sm/src/graph/transitions/counterproof.rs
 M crates/bridge-sm/src/graph/tx_classifier.rs
 M crates/bridge-sm/src/tx_classifier.rs
 M crates/common/src/logging.rs
 M crates/connectors/src/lib.rs
 M crates/connectors/src/prelude.rs
 M crates/p2p-service/src/tests/common.rs
 M crates/tx-graph/src/fee.rs
 M crates/tx-graph/src/game_graph.rs
 M crates/tx-graph/src/musig_functor.rs
 M crates/tx-graph/src/transactions/counterproof.rs
 M crates/tx-graph/src/transactions/counterproof_ack.rs
 M crates/tx-graph/src/transactions/mod.rs
 M crates/tx-graph/src/transactions/prelude.rs
?? crates/bridge-exec/src/graph/ranklock.rs
?? crates/connectors/src/validity_first_counterproof.rs
?? crates/tx-graph/src/transactions/counterproof_nack.rs
?? scripts/ranklock_sidecar_fixture.py
