   Compiling unicode-ident v1.0.18
   Compiling proc-macro2 v1.0.106
   Compiling quote v1.0.45
   Compiling libc v0.2.184
   Compiling serde_core v1.0.228
   Compiling serde v1.0.228
    Checking cfg-if v1.0.4
   Compiling version_check v0.9.5
   Compiling zerocopy v0.8.26
   Compiling portable-atomic v1.11.1
    Checking critical-section v1.2.0
   Compiling thiserror v2.0.18
   Compiling shlex v1.3.0
    Checking subtle v2.6.1
   Compiling autocfg v1.5.0
   Compiling find-msvc-tools v0.1.9
   Compiling typenum v1.18.0
    Checking memchr v2.7.6
    Checking pin-project-lite v0.2.16
   Compiling generic-array v0.14.7
    Checking log v0.4.27
    Checking const-oid v0.9.6
   Compiling ruint-macro v1.2.1
   Compiling lock_api v0.4.13
    Checking scopeguard v1.2.0
    Checking itoa v1.0.15
    Checking futures-core v0.3.32
    Checking base16ct v0.2.0
   Compiling equivalent v1.0.2
   Compiling either v1.15.0
   Compiling hashbrown v0.17.1
   Compiling indexmap v2.14.0
    Checking futures-sink v0.3.32
   Compiling strsim v0.11.1
   Compiling ident_case v1.0.1
   Compiling winnow v0.7.11
   Compiling parking_lot_core v0.9.11
    Checking slab v0.4.12
    Checking futures-channel v0.3.32
    Checking futures-io v0.3.32
    Checking futures-task v0.3.32
    Checking allocator-api2 v0.2.21
   Compiling paste v1.0.15
   Compiling getrandom v0.3.3
   Compiling smallvec v1.15.1
    Checking const-hex v1.18.1
    Checking fnv v1.0.7
   Compiling syn v2.0.117
    Checking getrandom v0.2.16
    Checking rand_core v0.6.4
    Checking cpufeatures v0.2.17
    Checking ff v0.13.1
    Checking group v0.13.0
    Checking mio v1.2.0
    Checking socket2 v0.6.3
   Compiling jobserver v0.1.33
    Checking signal-hook-registry v1.4.5
   Compiling cc v1.2.57
   Compiling bitcoin-io v0.1.3
   Compiling prettyplease v0.2.37
   Compiling serde_derive v1.0.228
   Compiling zeroize_derive v1.4.2
    Checking once_cell v1.21.4
   Compiling thiserror-impl v2.0.18
    Checking zeroize v1.8.2
    Checking ppv-lite86 v0.2.21
    Checking rand_chacha v0.3.1
    Checking rand v0.8.5
    Checking tracing-core v0.1.36
   Compiling tracing-attributes v0.1.31
   Compiling alloy-rlp-derive v0.3.12
   Compiling ruint v1.20.0
   Compiling futures-macro v0.3.32
    Checking futures-util v0.3.32
    Checking tracing v0.1.44
   Compiling tokio-macros v2.7.0
   Compiling crunchy v0.2.4
   Compiling secp256k1-sys v0.10.1
   Compiling hex v0.4.3
   Compiling itertools v0.14.0
   Compiling winnow v1.0.3
   Compiling zmij v1.0.17
   Compiling toml_parser v1.1.2+spec-1.1.0
   Compiling serde_spanned v1.1.1
   Compiling toml_datetime v1.1.1+spec-1.1.0
   Compiling toml_writer v1.1.1+spec-1.1.0
   Compiling toml v1.1.2+spec-1.1.0
   Compiling cfg_aliases v0.2.1
   Compiling hex_lit v0.1.1
    Checking block-buffer v0.10.4
    Checking crypto-common v0.1.6
    Checking der v0.7.10
    Checking digest v0.10.7
    Checking sha2 v0.10.9
    Checking hmac v0.12.1
    Checking signature v2.2.0
    Checking crypto-bigint v0.5.5
    Checking rfc6979 v0.4.0
   Compiling sizzle-parser v0.16.0 (https://github.com/alpenlabs/ssz-gen?tag=v0.16.0#a43cb62e)
    Checking spki v0.7.3
   Compiling bitcoin-internals v0.3.0
    Checking pkcs8 v0.10.2
   Compiling bitcoin v0.32.9
    Checking bech32 v0.11.0
    Checking base64 v0.21.7
   Compiling serde_json v1.0.149
    Checking byteorder v1.5.0
    Checking bytes v1.11.1
    Checking arrayvec v0.7.6
    Checking serdect v0.2.0
    Checking alloy-rlp v0.3.12
   Compiling darling_core v0.23.0
    Checking parking_lot v0.12.4
    Checking sec1 v0.7.3
    Checking elliptic-curve v0.13.8
    Checking ecdsa v0.16.9
    Checking tokio v1.52.3
    Checking k256 v0.13.4
   Compiling toml_datetime v0.6.11
   Compiling serde_spanned v0.6.9
   Compiling ssz_primitives v0.16.0 (https://github.com/alpenlabs/ssz-gen?tag=v0.16.0#a43cb62e)
   Compiling toml_edit v0.22.27
