
running 28 tests
test predicate::tests::test_pred_lt ... ok
test predicate::tests::test_pred_lte ... ok
test predicate::tests::test_pred_eq ... ok
test predicate::tests::test_pred_gte ... ok
test predicate::tests::test_pred_neq ... ok
test predicate::tests::test_pred_gt ... ok
test req::tests::test_req_input_access ... ok
test req::tests::test_req_into_input ... ok
test req::tests::test_req_dropped_receiver ... ok
test retry::tests::test_error_classification ... ok
test req::tests::test_req_into_input_output ... ok
test semigroup::tests::sconcat_base_case ... ok
test req::tests::test_req_dispatch ... ok
test req::tests::test_req_future_wrapper ... ok
test req::tests::test_req_basic_usage ... ok
test state_machine::state_machine_tests::test_sm ... ok
test retry::tests::test_retry_function_combinator ... ok
test retry::tests::test_exponential_backoff ... ok
test retry::tests::test_max_retries ... ok
test semigroup::tests::unit_semigroup_laws ... ok
test monoid::tests::vec_monoid_laws ... ok
test retry::tests::test_strategy_or_combinator ... ok
test monoid::tests::concat_is_fold_map_identity ... ok
test semigroup::tests::vec_semigroup_laws ... ok
test semigroup::tests::sconcat_merge_homomorphism ... ok
test semigroup::tests::option_semigroup_laws ... ok
test retry::tests::test_fixed_delay_strategy ... ok
test semigroup::tests::result_semigroup_laws ... ok

test result: ok. 28 passed; 0 failed; 0 ignored; 0 measured; 0 filtered out; finished in 0.07s


running 34 tests
test client::tests::disconnecting_only_tracked_block_rewinds_cursor_for_replacement_block ... ok
test client::tests::disconnecting_only_tracked_block_backfills_replacement_before_child ... ok
test client::tests::backfills_missing_block_after_reorg_disconnect_rolls_back_state_tip ... ok
test client::tests::state_tip_realignment_does_not_backfill_before_start_height ... ok
test state_machine::prop_tests::arb_block_has_height ... ok
test state_machine::prop_tests::block_disconnect_drops_all_transactions ... ok
test state_machine::prop_tests::all_matched_transactions_in_diffs ... ok
test state_machine::prop_tests::filter_rm_inverts_add ... ok
test state_machine::prop_tests::lone_process_tx_yields_empty_diff ... ok
test state_machine::prop_tests::mempool_removal_inverts_acceptance ... ok
test state_machine::prop_tests::duplicate_reorg_reacceptance_before_rawtx_stays_pending ... ok
test state_machine::prop_tests::only_matched_transactions_in_diffs ... ok
test state_machine::prop_tests::repeated_seq_before_tx_yields_one_mempool ... ok
test state_machine::prop_tests::seq_and_tx_make_mempool ... ok
test state_machine::prop_tests::seq_tx_commutativity ... ok
test client::e2e_tests::blocks_are_contiguous ... ok
test state_machine::prop_tests::block_disconnect_inverts_block ... ok
test state_machine::prop_tests::tx_after_block_idempotence ... ok
test client::e2e_tests::mined_txs_eventually_buried ... ok
test state_machine::prop_tests::tx_block_commutativity ... ok
test tx_driver::tests::broadcast_options_use_largest_op_return_burn ... ok
test client::e2e_tests::dropped_tx_subscriptions_pruned ... ok
test client::e2e_tests::all_matched_transactions_delivered has been running for over 60 seconds
test client::e2e_tests::basic_subscribe_blocks_functionality has been running for over 60 seconds
test client::e2e_tests::basic_subscribe_transactions_functionality has been running for over 60 seconds
test client::e2e_tests::chain_reorg_backfills_replacement_parent_before_later_child has been running for over 60 seconds
test client::e2e_tests::dropped_block_subscriptions_pruned has been running for over 60 seconds
test client::e2e_tests::exactly_one_mined_status_per_block has been running for over 60 seconds
test client::e2e_tests::multiple_subscribers_receive_same_events has been running for over 60 seconds
test client::e2e_tests::only_matched_transactions_delivered has been running for over 60 seconds
test tx_driver::e2e_tests::tx_drive_op_return_burn ... ok
test tx_driver::e2e_tests::tx_drive_mempool ... ok
test client::e2e_tests::multiple_subscribers_receive_same_events ... ok
test state_machine::prop_tests::transactions_eventually_buried has been running for over 60 seconds
test tx_driver::e2e_tests::tx_drive_idempotence ... ok
test state_machine::prop_tests::transactions_eventually_buried ... ok
test client::e2e_tests::only_matched_transactions_delivered ... ok
