{
  "bitcoin_core_executed": false,
  "constants": {
    "bitcoin_core_default_minimum_relay_fee_sat_per_kvb": 100,
    "max_script_element_size": 520,
    "max_standard_tapscript_stack_item_size": 80,
    "max_standard_tx_weight": 400000,
    "max_tapscript_initial_stack_items": 1000,
    "ranklock_minimum_relay_fee_sat_per_kvb": 1000
  },
  "passed": true,
  "schema": "ranklock-v025-bitcoin-policy-envelope-v2",
  "scope": "static serialized-witness, independent opcode-model, and resource-envelope audit only",
  "source_pins": {
    "bip342_git_blob": "d073b701ce785ab497d5d409640a16727af3a25b",
    "bitcoin_core_git_blobs": {
      "CMakeLists.txt": "6109639f00390e2bbd050d8cfed69320bf1ec159",
      "src/policy/policy.cpp": "46ec238c3b18fd1c0a5ce35f25d1b619317dafda",
      "src/policy/policy.h": "0bc7b32770833211913b82204f1b8fc4bdb4dfd0"
    },
    "bitcoin_core_release": "31.1",
    "bitcoin_core_tag": "v31.1"
  },
  "transactions": [
    {
      "checks": {
        "cleanstack_shape": true,
        "control_matches_signed_policy": true,
        "independent_tapscript_stack_model_accepts": true,
        "initial_stack_within_consensus_limit": true,
        "output_value_matches_precommitted_value_plan": true,
        "script_is_exact_hash_check_program": true,
        "script_matches_signed_policy": true,
        "selector_count_matches_policy": true,
        "selector_items_within_consensus_element_limit": true,
        "selector_items_within_standard_policy": true,
        "transaction_fee_is_positive": true,
        "transaction_fee_meets_core_31_1_default_floor": true,
        "transaction_fee_meets_ranklock_floor": true,
        "transaction_weight_within_standard_policy": true
      },
      "control_block_bytes": 33,
      "core_default_minimum_fee_sat": 1176,
      "fee_rate_sat_per_vbyte": 2.552539777078193,
      "fee_sat": 30000,
      "input_value_sat": 160000,
      "maximum_selector_item_bytes": 16,
      "passed": true,
      "ranklock_minimum_fee_sat": 11753,
      "raw_bytes": 46729,
      "selector_items": 512,
      "slot_id": 0,
      "stripped_bytes": 94,
      "tapscript_bytes": 37889,
      "tapscript_sha256": "188f82a34e1cc3b27390dafdc0cc42f59e7bd8f0d9edd6ad6b0b15f9285fd179",
      "total_output_value_sat": 130000,
      "txid": "f84ec45dacc5c07b590c5c48865245d6feec614d82d54b14ac9288ea24e90668",
      "virtual_bytes_ceiling": 11753,
      "weight": 47011,
      "wtxid": "9e00a454deb4fddab7f1e6d5981faf6c6aee9f64fa6f65f967e3f82c9f7b08e7"
    },
    {
      "checks": {
        "cleanstack_shape": true,
        "control_matches_signed_policy": true,
        "independent_tapscript_stack_model_accepts": true,
        "initial_stack_within_consensus_limit": true,
        "output_value_matches_precommitted_value_plan": true,
        "script_is_exact_hash_check_program": true,
        "script_matches_signed_policy": true,
        "selector_count_matches_policy": true,
        "selector_items_within_consensus_element_limit": true,
        "selector_items_within_standard_policy": true,
        "transaction_fee_is_positive": true,
        "transaction_fee_meets_core_31_1_default_floor": true,
        "transaction_fee_meets_ranklock_floor": true,
        "transaction_weight_within_standard_policy": true
      },
      "control_block_bytes": 33,
      "core_default_minimum_fee_sat": 1176,
      "fee_rate_sat_per_vbyte": 2.552539777078193,
      "fee_sat": 30000,
      "input_value_sat": 130000,
      "maximum_selector_item_bytes": 16,
      "passed": true,
      "ranklock_minimum_fee_sat": 11753,
      "raw_bytes": 46729,
      "selector_items": 512,
      "slot_id": 1,
      "stripped_bytes": 94,
      "tapscript_bytes": 37889,
      "tapscript_sha256": "b2c3237ce2d72720b2f5eb1b8d4641927987ccfbf62dddfd99d69c170d761afa",
      "total_output_value_sat": 100000,
      "txid": "dd68e20f06ec007a5b334541fb7b415158892dfbbe439d3aa7e35655b5c1203a",
      "virtual_bytes_ceiling": 11753,
      "weight": 47011,
      "wtxid": "e4d6244e65f71a7c78d9bac037eda4ab783141d577dd387d691ffbef19a61379"
    }
  ]
}
