{
  "all_checks_passed": true,
  "authorization_plan_digest": "e21917779e7bea2fafa26b24ad8c47393f9553ce006114711a953774a6ac418c",
  "bitcoin_core_executed": false,
  "bitcoin_core_passed": false,
  "checks": {
    "Bitcoin Core evidence is internally fail-closed": true,
    "Strata handoff manifest": true,
    "authorization plan digest": true,
    "authorization transaction chain": true,
    "committee manifest size": true,
    "committee retained below one MiB": true,
    "committee retained hash": true,
    "committee retained size": true,
    "slot 0 activation signatures": true,
    "slot 0 activation txid": true,
    "slot 0 policy envelope": true,
    "slot 0 policy txid": true,
    "slot 0 policy wtxid": true,
    "slot 0 txid": true,
    "slot 0 witness digest": true,
    "slot 0 witness-policy signatures": true,
    "slot 0 wtxid": true,
    "slot 1 activation signatures": true,
    "slot 1 activation txid": true,
    "slot 1 policy envelope": true,
    "slot 1 policy txid": true,
    "slot 1 policy wtxid": true,
    "slot 1 txid": true,
    "slot 1 witness digest": true,
    "slot 1 witness-policy signatures": true,
    "slot 1 wtxid": true,
    "split participant 0 hash": true,
    "split participant 0 size": true,
    "split participant 1 hash": true,
    "split participant 1 size": true,
    "split-scalar contribution bundle signatures": true,
    "split-scalar gate fail closed": true,
    "static Bitcoin policy report": true
  },
  "committee_retained_object": {
    "bytes": 1044952,
    "sha256": "9e4427636b9ea95063244ffc9791b83af06a70853e4a3fee01b38c32b9496bb8"
  },
  "safe_for_funds": false,
  "schema": "ranklock-v025-evidence-verification-v1",
  "split_scalar_bundle_digest": "bb3959e50810f6ea1fb7b5638c797c550cfb726cba731fcfc46d15280ccdd792"
}
