{
  "claim_boundary": "reproducible safety and authorization harness; no authority to protect funds",
  "clean_archive_report": null,
  "evidence": {
    "bitcoin_core": {
      "path": "results/v025_bitcoin_core_regtest.json",
      "sha256": "f84147c6216dc1aee79fa032811a7f4af8efa35cce7a6c41d950a3008eeec81b"
    },
    "bitcoin_policy": {
      "path": "results/v025_bitcoin_policy_envelope.json",
      "sha256": "d27de56dfe0e5871844a465061d3b1a498276f818c05ded23761d8f17bb6f12b"
    },
    "committee": {
      "path": "results/v025_committee_qualification.json",
      "sha256": "902397b966905557e019e92d5c3e9f6d22f7446af8333607b15be47bc291b555"
    },
    "hardening": {
      "path": "results/v0251_security_hardening.json",
      "sha256": "fd15cc37be4881b3adb0197ce36bf44963b7c73eb04ab633f1dbc02f0c78500b"
    },
    "split_scalar": {
      "path": "results/v025_split_scalar_qualification.json",
      "sha256": "b11cd8d6f9fca49c809e64d0f8cb1cc127861d3a125dd6d78cb14f7c9b34e96d"
    },
    "tests": {
      "path": "results/v025_test_files.json",
      "sha256": "1c5f5f36b595d55e059bd5bb1af768ffff6531223b340f8c969dfd91342e0679"
    }
  },
  "external_attestations_must_be_verified_by": "ranklock.deployment_policy.evaluate_deployment",
  "facts": {
    "active_mpc_exact_generator_passed": false,
    "bitcoin_core_regtest_executed": true,
    "bitcoin_core_regtest_passed": true,
    "bitcoin_policy_envelope_passed": true,
    "committee_authorization_harness_passed": true,
    "complete_source_archive_reproducible": false,
    "complete_test_suite_passed": true,
    "current_bridge_compiled_and_tested": false,
    "deterministic_fixture_secrets_absent": false,
    "independent_cryptography_audit_passed": false,
    "independent_implementation_audit_passed": false,
    "native_constant_time_implementation": false,
    "production_rollback_witnesses_deployed": false,
    "retained_object_below_one_mib": true,
    "split_scalar_one_honest_harness_passed": true,
    "split_scalar_production_setup_passed": false
  },
  "funds_blockers": [
    "complete source archive is not reproducible",
    "current bridge commit was not compiled and tested",
    "native constant-time implementation is absent",
    "production rollback witnesses are not deployed",
    "deterministic fixture secrets are present",
    "independent cryptography audit is absent",
    "independent implementation audit is absent",
    "production setup gate is open for split-scalar-n-of-n"
  ],
  "local_security_hardening_passed": true,
  "locally_reproducible": false,
  "maximum_mode": "observe",
  "package_version": "0.25.1",
  "recommended_setup_path": "split-scalar N-of-N removes an aggregate-scalar dealer at the cost of approximately linear retained material and N-of-N liveness",
  "safe_for_funds": false,
  "schema": "ranklock-v025-release-gate-v1",
  "setup_gate_passed": false,
  "setup_security_mode": "split-scalar-n-of-n"
}
